{"type":"server-started","port":59098,"host":"127.0.0.1","url_host":"localhost","url":"http://localhost:59098","screen_dir":"/Users/withlevi/Desktop/FateWord/.superpowers/brainstorm/59165-1779289568/content","state_dir":"/Users/withlevi/Desktop/FateWord/.superpowers/brainstorm/59165-1779289568/state"}
{"type":"screen-added","file":"/Users/withlevi/Desktop/FateWord/.superpowers/brainstorm/59165-1779289568/content/architecture.html"}
{"type":"screen-added","file":"/Users/withlevi/Desktop/FateWord/.superpowers/brainstorm/59165-1779289568/content/visual-style.html"}
{"source":"user-event","type":"click","text":"天机测字\n      \n      梅花易数 · 测字问运\n      测 算\n    \n    \n      A. 水墨淡雅\n      宣纸色背景（#F5F0EB），淡墨色文字，古铜色点缀。清雅素净，如展开一幅水墨卷轴。适合追求极简禅意的用户。","choice":"ink","id":null,"timestamp":1779289755571}
{"source":"user-event","type":"click","text":"天机测字\n      \n      梅花易数 · 测字问运\n      测 算\n    \n    \n      A. 水墨淡雅\n      宣纸色背景（#F5F0EB），淡墨色文字，古铜色点缀。清雅素净，如展开一幅水墨卷轴。适合追求极简禅意的用户。","choice":"ink","id":null,"timestamp":1779289757263}
{"source":"user-event","type":"click","text":"天机测字\n      \n      梅花易数 · 测字问运\n      测 算\n    \n    \n      A. 水墨淡雅\n      宣纸色背景（#F5F0EB），淡墨色文字，古铜色点缀。清雅素净，如展开一幅水墨卷轴。适合追求极简禅意的用户。","choice":"ink","id":null,"timestamp":1779289757474}
{"source":"user-event","type":"click","text":"天机测字\n      \n      梅花易数 · 测字问运\n      测 算\n    \n    \n      A. 水墨淡雅\n      宣纸色背景（#F5F0EB），淡墨色文字，古铜色点缀。清雅素净，如展开一幅水墨卷轴。适合追求极简禅意的用户。","choice":"ink","id":null,"timestamp":1779289758345}
{"source":"user-event","type":"click","text":"天机测字\n      \n      梅花易数 · 测字问运\n      测 算\n    \n    \n      A. 水墨淡雅\n      宣纸色背景（#F5F0EB），淡墨色文字，古铜色点缀。清雅素净，如展开一幅水墨卷轴。适合追求极简禅意的用户。","choice":"ink","id":null,"timestamp":1779289759799}
{"type":"screen-added","file":"/Users/withlevi/Desktop/FateWord/.superpowers/brainstorm/59165-1779289568/content/layout.html"}
{"type":"screen-added","file":"/Users/withlevi/Desktop/FateWord/.superpowers/brainstorm/59165-1779289568/content/spec-review.html"}
{"source":"user-event","type":"click","text":"✓\n    \n      确认，开始实现\n      以上设计规格符合预期，进入下一阶段","choice":"approve","id":null,"timestamp":1779289857236}
{"source":"user-event","type":"click","text":"✓\n    \n      确认，开始实现\n      以上设计规格符合预期，进入下一阶段","choice":"approve","id":null,"timestamp":1779289859732}
{"source":"user-event","type":"click","text":"✓\n    \n      确认，开始实现\n      以上设计规格符合预期，进入下一阶段","choice":"approve","id":null,"timestamp":1779289867704}
{"source":"user-event","type":"click","text":"✓\n    \n      确认，开始实现\n      以上设计规格符合预期，进入下一阶段","choice":"approve","id":null,"timestamp":1779289867868}
{"source":"user-event","type":"click","text":"✎\n    \n      需要修改\n      某些部分需要调整，我会在终端中说明","choice":"revise","id":null,"timestamp":1779289876637}
{"source":"user-event","type":"click","text":"✓\n    \n      确认，开始实现\n      以上设计规格符合预期，进入下一阶段","choice":"approve","id":null,"timestamp":1779289877267}
{"source":"user-event","type":"click","text":"✓\n    \n      确认，开始实现\n      以上设计规格符合预期，进入下一阶段","choice":"approve","id":null,"timestamp":1779289879997}
{"source":"user-event","type":"click","text":"✓\n    \n      确认，开始实现\n      以上设计规格符合预期，进入下一阶段","choice":"approve","id":null,"timestamp":1779289880177}
{"source":"user-event","type":"click","text":"✓\n    \n      确认，开始实现\n      以上设计规格符合预期，进入下一阶段","choice":"approve","id":null,"timestamp":1779289880357}
{"type":"screen-added","file":"/Users/withlevi/Desktop/FateWord/.superpowers/brainstorm/59165-1779289568/content/waiting.html"}
{"type":"server-stopped","reason":"idle timeout"}
